// Jest Snapshot v1, https://goo.gl/fbAQLP

exports[`NotFoundPage renders correctly 1`] = `
<div>
  404! Page Not Found.  
  <Link
    replace={false}
    to="/"
  >
    Go Home
  </Link>
</div>
`;
